BOLT-INFO: shared object or position-independent executable detected
BOLT-INFO: Target architecture: x86_64
BOLT-INFO: BOLT version: <unknown>
BOLT-INFO: first alloc address is 0x0
BOLT-INFO: creating new program header table at address 0x400000, offset 0x400000
BOLT-WARNING: debug info will be stripped from the binary. Use -update-debug-sections to keep it.
BOLT-INFO: enabling relocation mode
BOLT-INFO: enabling lite mode
BOLT-INFO: pre-processing profile using branch profile reader
BOLT-INFO: forcing -jump-tables=move as PIC jump table was detected in function _RINvNtCscNqnBmBaIcL_4core3ptr9drop_glueNtNtCslIlEcarTKkh_4ttfx7effects13EffectCommandECs2OiFiygPeZ8_4ttfx/1(*2)
BOLT-INFO: 938 out of 4135 functions in the binary (22.7%) have non-empty execution profile
BOLT-INFO: 8 functions with profile could not be optimized
BOLT-INFO: profile for 1 objects was ignored
BOLT-INFO: among the hottest 938 functions top 5% function CFG discontinuity is 0.00%
BOLT-WARNING: internal call detected in function bezier_easing/4(*2)
BOLT-WARNING: internal call detected in function bezier_easing/4(*2)
BOLT-WARNING: internal call detected in function collect_characters/4(*2)
BOLT-WARNING: internal call detected in function collect_characters/4(*2)
BOLT-WARNING: internal call detected in function collect_characters/4(*2)
BOLT-WARNING: internal call detected in function collect_characters/4(*2)
BOLT-WARNING: internal call detected in function get_characters/4(*2)
BOLT-WARNING: internal call detected in function get_characters/4(*2)
BOLT-WARNING: internal call detected in function scene_apply_gradient/4(*2)
BOLT-WARNING: internal call detected in function scene_apply_gradient/4(*2)
BOLT-WARNING: internal call detected in function scene_apply_gradient/4(*2)
BOLT-WARNING: internal call detected in function scene_apply_gradient/4(*2)
BOLT-WARNING: internal call detected in function scene_apply_gradient/4(*2)
BOLT-WARNING: will skip the following function(s) as unsupported internal calls were detected:
              scene_apply_gradient/4(*2)
BOLT-INFO: 8664 instructions were shortened
BOLT-INFO: removed 581 empty blocks
BOLT-INFO: basic block reordering modified layout of 569 functions (60.66% of profiled, 13.73% of total)
BOLT-INFO: UCE removed 1 blocks and 7 bytes of code
BOLT-INFO: splitting separates 672747 hot bytes from 300203 cold bytes (69.15% of split functions is hot).
BOLT-INFO: 53 Functions were reordered by LoopInversionPass
BOLT-INFO: program-wide dynostats after all optimizations before SCTC and FOP:

           124197979 : executed forward branches
            25821432 : taken forward branches
            17917609 : executed backward branches
             8250961 : taken backward branches
            17846926 : executed unconditional branches
            45337245 : all function calls
             1264889 : indirect calls
              910749 : PLT calls
          1095483578 : executed instructions
           298368152 : executed load instructions
           113524765 : executed store instructions
               39577 : taken jump table branches
                   0 : taken unknown indirect branches
           159962514 : total branches
            51919319 : taken branches
           108043195 : non-taken conditional branches
            34072393 : taken conditional branches
           142115588 : all conditional branches

            97631761 : executed forward branches (-21.4%)
             6142678 : taken forward branches (-76.2%)
            44464774 : executed backward branches (+148.2%)
            11982825 : taken backward branches (+45.2%)
            15221377 : executed unconditional branches (-14.7%)
            45337168 : all function calls (-0.0%)
             1264889 : indirect calls (=)
              910749 : PLT calls (=)
          1104574668 : executed instructions (+0.8%)
           298330774 : executed load instructions (-0.0%)
           113263613 : executed store instructions (-0.2%)
               39577 : taken jump table branches (=)
                   0 : taken unknown indirect branches (=)
           157317912 : total branches (-1.7%)
            33346880 : taken branches (-35.8%)
           123971032 : non-taken conditional branches (+14.7%)
            18125503 : taken conditional branches (-46.8%)
           142096535 : all conditional branches (-0.0%)

BOLT-INFO: SCTC: patched 13 tail calls (13 forward) tail calls (0 backward) from a total of 13 while removing 0 double jumps and removing 13 basic blocks totalling 65 bytes of code. CTCs total execution count is 381123 and the number of times CTCs are taken is 185245
BOLT-WARNING: failed to patch entries in ttfx_asm_run_v4. The function will not be optimized.
BOLT-WARNING: failed to patch entries in gradient_new/4(*2). The function will not be optimized.
BOLT-WARNING: failed to patch entries in find_coords_on_circle/4(*2). The function will not be optimized.
BOLT-WARNING: failed to patch entries in extrapolate_along_ray/4(*2). The function will not be optimized.
BOLT-WARNING: failed to patch entries in visual_make/4(*2). The function will not be optimized.
BOLT-WARNING: failed to patch entries in get_characters/4(*2). The function will not be optimized.
BOLT-WARNING: failed to patch entries in group_key/4(*2). The function will not be optimized.
BOLT-WARNING: failed to patch entries in scene_activate/4(*2). The function will not be optimized.
BOLT-WARNING: failed to patch entries in step_animation_awake/4(*2). The function will not be optimized.
BOLT-WARNING: failed to patch entries in set_appearance/4(*2). The function will not be optimized.
BOLT-WARNING: failed to patch entries in event_register/4(*2). The function will not be optimized.
BOLT-WARNING: failed to patch entries in path_seg_share/4(*2). The function will not be optimized.
BOLT-WARNING: failed to patch entries in chain_paths/4(*2). The function will not be optimized.
BOLT-WARNING: failed to patch entries in path_step/4(*2). The function will not be optimized.
BOLT-WARNING: failed to patch entries in update_init/4(*2). The function will not be optimized.
BOLT-WARNING: failed to patch entries in particle_reset/4(*2). The function will not be optimized.
BOLT-WARNING: failed to patch entries in cell_rewin/4(*2). The function will not be optimized.
BOLT-WARNING: failed to patch entries in set_visible/4(*2). The function will not be optimized.
BOLT-WARNING: failed to patch entries in coordinate_changed/4(*2). The function will not be optimized.
BOLT-WARNING: failed to patch entries in row_dirty/4(*2). The function will not be optimized.
BOLT-WARNING: failed to patch entries in row_rebuild/4(*2). The function will not be optimized.
BOLT-WARNING: failed to patch entries in emit_blocks/4(*2). The function will not be optimized.
BOLT-WARNING: failed to patch entries in st_neighbors/4(*2). The function will not be optimized.
BOLT-WARNING: failed to patch entries in bh_explode/4(*2). The function will not be optimized.
BOLT-WARNING: failed to patch entries in cs_rotation/4(*2). The function will not be optimized.
BOLT-WARNING: failed to patch entries in rings_initial_disperse/4(*2). The function will not be optimized.
BOLT-WARNING: failed to patch entries in beams_scenes/4(*2). The function will not be optimized.
BOLT-WARNING: failed to patch entries in wv_final_frames/4(*2). The function will not be optimized.
BOLT-WARNING: failed to patch entries in pr_make_row/4(*2). The function will not be optimized.
BOLT-WARNING: failed to patch entries in bub_make/4(*2). The function will not be optimized.
BOLT-WARNING: failed to patch entries in bub_pop/4(*2). The function will not be optimized.
BOLT-WARNING: failed to patch entries in swm_build_char/4(*2). The function will not be optimized.
BOLT-INFO: padding code to 0x800000 to accommodate hot text
BOLT-INFO: patched build-id (flipped last bit)
BOLT-INFO: setting __hot_start to 0x600000
BOLT-INFO: setting __hot_end to 0x6bc823
